// Jest Snapshot v1, https://goo.gl/fbAQLP

exports[`Render send button component Matches the snapshot 1`] = `
.c0 {
  background: #3975F5;
  color: white;
  border: none;
  border-radius: 25px;
  width: 50px;
  height: 50px;
  -webkit-transition: .3s ease;
  transition: .3s ease;
  background-image: url(send.svg);
  background-position: center;
  background-size: 20px auto;
  background-repeat: no-repeat;
  cursor: pointer;
}

.c0:hover {
  opacity: 0.7;
}

<button
  className="c0"
/>
`;
