// Jest Snapshot v1, https://goo.gl/fbAQLP

exports[`Render heading component Matches the snapshot 1`] = `
.c0 {
  color: grey;
  font-size: 1.5em;
  font-family: 'Sora',sans-serif;
  margin: 0;
}

<h1
  className="c0"
/>
`;
