// Jest Snapshot v1, https://goo.gl/fbAQLP

exports[`Render button component Matches the snapshot 1`] = `
.c0 {
  background: #3975F5;
  color: white;
  border: none;
  border-radius: 5px;
  padding: 10px 20px;
  margin: 10px;
  -webkit-transition: .3s ease;
  transition: .3s ease;
  cursor: pointer;
}

.c0:hover {
  opacity: 0.7;
}

<button
  className="c0"
/>
`;
