// Jest Snapshot v1, https://goo.gl/fbAQLP

exports[`Render like button component Matches the snapshot 1`] = `
.c0 {
  background: none;
  width: 25px;
  height: 25px;
  cursor: pointer;
  background-image: url(like-outline.svg);
  background-repeat: no-repeat;
  background-size: 20px auto;
  background-position: center;
  border: none;
}

.c0:hover {
  opacity: 0.7;
}

<button
  className="c0"
/>
`;
